[foo.baz]
entry = [
	"foo", # foo
	"baz"# baz
,
	"foo",
    # foo
	"baz",
    # baz
]
